{"code":"ETIMEOUT","hostname":"cluster0.c2xwajk.mongodb.net","level":"error","message":"Db connection failed queryTxt ETIMEOUT cluster0.c2xwajk.mongodb.net","stack":"Error: queryTxt ETIMEOUT cluster0.c2xwajk.mongodb.net\n    at QueryReqWrap.onresolve [as oncomplete] (node:internal/dns/promises:295:17)","syscall":"queryTxt"}
{"code":"ETIMEOUT","hostname":"cluster0.c2xwajk.mongodb.net","level":"error","message":"Db connection failed queryTxt ETIMEOUT cluster0.c2xwajk.mongodb.net","stack":"Error: queryTxt ETIMEOUT cluster0.c2xwajk.mongodb.net\n    at QueryReqWrap.onresolve [as oncomplete] (node:internal/dns/promises:295:17)","syscall":"queryTxt"}
{"code":"ETIMEOUT","hostname":"cluster0.c2xwajk.mongodb.net","level":"error","message":"Db connection failed queryTxt ETIMEOUT cluster0.c2xwajk.mongodb.net","stack":"Error: queryTxt ETIMEOUT cluster0.c2xwajk.mongodb.net\n    at QueryReqWrap.onresolve [as oncomplete] (node:internal/dns/promises:295:17)","syscall":"queryTxt"}
{"code":"ETIMEOUT","hostname":"cluster0.c2xwajk.mongodb.net","level":"error","message":"Db connection failed queryTxt ETIMEOUT cluster0.c2xwajk.mongodb.net","stack":"Error: queryTxt ETIMEOUT cluster0.c2xwajk.mongodb.net\n    at QueryReqWrap.onresolve [as oncomplete] (node:internal/dns/promises:295:17)","syscall":"queryTxt"}
{"code":"ECONNREFUSED","hostname":"_mongodb._tcp.cluster0.c2xwajk.mongodb.net","level":"error","message":"Db connection failed querySrv ECONNREFUSED _mongodb._tcp.cluster0.c2xwajk.mongodb.net","stack":"Error: querySrv ECONNREFUSED _mongodb._tcp.cluster0.c2xwajk.mongodb.net\n    at QueryReqWrap.onresolve [as oncomplete] (node:internal/dns/promises:295:17)","syscall":"querySrv"}
{"code":"ETIMEOUT","hostname":"cluster0.c2xwajk.mongodb.net","level":"error","message":"Db connection failed queryTxt ETIMEOUT cluster0.c2xwajk.mongodb.net","stack":"Error: queryTxt ETIMEOUT cluster0.c2xwajk.mongodb.net\n    at QueryReqWrap.onresolve [as oncomplete] (node:internal/dns/promises:295:17)","syscall":"queryTxt"}
{"level":"info","message":"Request: GET /"}
{"level":"info","message":"Request: POST /api/v1/auth/register"}
{"level":"info","message":"Request: POST /api/v1/auth/register"}
{"level":"info","message":"Request: POST /api/v1/auth/register"}
{"level":"info","message":"Request: POST /api/v1/auth/register"}
{"level":"info","message":"Request: POST /api/v1/auth/register"}
{"level":"info","message":"Request: POST /api/v1/auth/register"}
{"level":"info","message":"Request: POST /api/v1/auth/register"}
{"level":"info","message":"Request: POST /api/v1/auth/register"}
{"level":"info","message":"Request: POST /api/v1/auth/register"}
{"level":"info","message":"Request: POST /api/v1/auth/register"}
{"level":"info","message":"Request: POST /api/v1/auth/register"}
{"level":"info","message":"Request: POST /api/v1/auth/register"}
{"level":"info","message":"Request: POST /api/v1/auth/register"}
{"beforeHandshake":false,"cause":{"address":"34.76.31.174","code":"ETIMEDOUT","errno":-4039,"port":27017,"syscall":"connect"},"connectionGeneration":0,"errorLabelSet":{},"level":"error","message":"Db connection failed connect ETIMEDOUT 34.76.31.174:27017","stack":"MongoNetworkError: connect ETIMEDOUT 34.76.31.174:27017\n    at TLSSocket.<anonymous> (D:\\old folder\\projects\\SchoolFeePay\\node_modules\\mongodb\\src\\cmap\\connect.ts:395:16)\n    at Object.onceWrapper (node:events:631:26)\n    at TLSSocket.emit (node:events:509:28)\n    at TLSSocket.emit (node:domain:489:12)\n    at emitErrorNT (node:internal/streams/destroy:170:8)\n    at emitErrorCloseNT (node:internal/streams/destroy:129:3)\n    at processTicksAndRejections (node:internal/process/task_queues:90:21)"}
{"level":"info","message":"Request: POST /api/v1/auth/login"}
{"level":"info","message":"Request: POST /api/v1/auth/register"}
{"beforeHandshake":false,"cause":{"address":"34.76.31.174","code":"ETIMEDOUT","errno":-4039,"port":27017,"syscall":"connect"},"connectionGeneration":0,"errorLabelSet":{},"level":"error","message":"Db connection failed connect ETIMEDOUT 34.76.31.174:27017","stack":"MongoNetworkError: connect ETIMEDOUT 34.76.31.174:27017\n    at TLSSocket.<anonymous> (D:\\old folder\\projects\\SchoolFeePay\\node_modules\\mongodb\\src\\cmap\\connect.ts:395:16)\n    at Object.onceWrapper (node:events:631:26)\n    at TLSSocket.emit (node:events:509:28)\n    at TLSSocket.emit (node:domain:489:12)\n    at emitErrorNT (node:internal/streams/destroy:170:8)\n    at emitErrorCloseNT (node:internal/streams/destroy:129:3)\n    at processTicksAndRejections (node:internal/process/task_queues:90:21)"}
{"level":"info","message":"Request: POST /api/v1/auth/register"}
{"level":"info","message":"Request: POST /api/v1/auth/register"}
{"level":"info","message":"Request: GET /api/v1/institutions"}
{"level":"info","message":"Request: GET /api/v1/institutions"}
{"level":"info","message":"Request: GET /api/v1/institutions"}
{"level":"info","message":"Request: GET /api/v1/institutions"}
{"level":"info","message":"Request: GET /api/v1/institutions"}
{"level":"info","message":"Request: GET /api/v1/institutions"}
{"level":"info","message":"Request: GET /api/v1/institutions"}
{"level":"info","message":"Request: GET /api/v1/institutions"}
{"level":"info","message":"Request: GET /api/v1/institutions"}
{"level":"info","message":"Request: GET /api/v1/institutions"}
{"level":"info","message":"Request: GET /api/v1/institutions"}
{"level":"info","message":"Request: GET /api/v1/institutions"}
{"level":"info","message":"Request: GET /api/v1/institutions"}
{"level":"info","message":"Request: GET /api/v1/institutions"}
{"level":"info","message":"Request: GET /api/v1/institutions"}
{"level":"info","message":"Request: GET /api/v1/institutions"}
{"level":"info","message":"Request: GET /api/v1/institutions"}
{"level":"info","message":"Request: GET /api/v1/institutions"}
{"level":"info","message":"Request: GET /api/v1/institutions"}
{"level":"info","message":"Request: GET /api/v1/institutions"}
{"level":"info","message":"Request: GET /api/v1/institutions"}
{"level":"info","message":"Request: GET /api/v1/institutions"}
{"level":"info","message":"Request: POST /api/v1/auth/register"}
{"level":"info","message":"Request: POST /api/v1/auth/register"}
{"level":"info","message":"Request: POST /api/v1/auth/register"}
{"level":"info","message":"Request: POST /api/v1/auth/register"}
{"level":"info","message":"Request: POST /api/v1/auth/register"}
{"level":"info","message":"Request: POST /api/v1/auth/register"}
{"level":"info","message":"Request: GET /api/v1/institutions"}
{"level":"info","message":"Request: GET /api/v1/institutions"}
{"level":"info","message":"Request: GET /api/v1/institutions"}
{"level":"info","message":"Request: GET /api/v1/institutions"}
{"level":"info","message":"Request: GET /api/v1/institutions"}
{"level":"info","message":"Request: GET /api/v1/institutions"}
{"level":"info","message":"Request: GET /api/v1/institutions"}
{"level":"info","message":"Request: GET /api/v1/institutions"}
{"level":"info","message":"Request: GET /api/v1/institutions"}
{"level":"info","message":"Request: GET /api/v1/institutions"}
{"level":"info","message":"Request: GET /api/v1/auth/login"}
{"level":"info","message":"Request: GET /favicon.ico"}
{"level":"info","message":"Request: GET /api/v1/institutions"}
{"level":"info","message":"Request: GET /api/v1/institutions"}
{"level":"info","message":"Request: GET /api/v1/institutions"}
{"level":"info","message":"Request: GET /api/v1/institutions"}
{"level":"info","message":"Request: GET /api/v1/institutions"}
{"level":"info","message":"Request: GET /api/v1/institutions"}
{"level":"info","message":"Request: GET /api/v1/institutions"}
{"level":"info","message":"Request: GET /api/v1/institutions"}
{"level":"info","message":"Request: GET /api/v1/institutions"}
{"level":"info","message":"Request: GET /api/v1/institutions"}
{"level":"info","message":"Request: GET /api/v1/institutions"}
{"level":"info","message":"Request: GET /api/v1/institutions"}
{"level":"info","message":"Request: GET /api/v1/institutions"}
{"level":"info","message":"Request: GET /api/v1/institutions"}
{"level":"info","message":"Request: GET /api/v1/institutions"}
{"level":"info","message":"Request: GET /api/v1/institutions"}
{"level":"info","message":"Request: GET /api/v1/institutions"}
{"level":"info","message":"Request: GET /api/v1/institutions"}
{"level":"info","message":"Request: GET /api/v1/institutions"}
{"level":"info","message":"Request: GET /api/v1/institutions"}
{"level":"info","message":"Request: GET /api/v1/institutions"}
{"level":"info","message":"Request: GET /api/v1/institutions"}
{"level":"info","message":"Request: GET /api/v1/institutions"}
{"level":"info","message":"Request: GET /api/v1/institutions"}
{"level":"info","message":"Request: GET /api/v1/institutions"}
{"level":"info","message":"Request: GET /api/v1/institutions"}
{"level":"info","message":"Request: GET /api/v1/institutions"}
{"level":"info","message":"Request: GET /api/v1/institutions"}
{"level":"info","message":"Request: GET /api/v1/institutions"}
{"level":"info","message":"Request: GET /api/v1/institutions"}
{"level":"info","message":"Request: GET /api/v1/institutions"}
{"level":"info","message":"Request: GET /api/v1/institutions"}
{"level":"info","message":"Request: GET /api/v1/institutions"}
{"level":"info","message":"Request: GET /api/v1/institutions"}
{"level":"info","message":"Request: GET /api/v1/institutions"}
{"level":"info","message":"Request: GET /api/v1/institutions"}
{"level":"info","message":"Request: GET /api/v1/institutions"}
{"level":"info","message":"Request: GET /api/v1/institutions"}
{"level":"info","message":"Request: GET /api/v1/institutions"}
{"level":"info","message":"Request: GET /api/v1/institutions"}
{"level":"info","message":"Request: GET /api/v1/institutions"}
{"level":"info","message":"Request: GET /api/v1/institutions"}
{"level":"info","message":"Request: GET /api/v1/institutions"}
{"level":"info","message":"Request: GET /api/v1/institutions"}
{"level":"info","message":"Request: GET /api/v1/institutions"}
{"level":"info","message":"Request: GET /api/v1/institutions"}
{"level":"info","message":"Request: GET /api/v1/institutions"}
{"level":"info","message":"Request: GET /api/v1/institutions"}
{"level":"info","message":"Request: GET /api/v1/institutions"}
{"level":"info","message":"Request: GET /api/v1/institutions"}
{"level":"info","message":"Request: GET /api/v1/institutions"}
{"level":"info","message":"Request: GET /api/v1/institutions"}
{"level":"info","message":"Request: GET /api/v1/institutions"}
{"level":"info","message":"Request: GET /api/v1/institutions"}
{"level":"info","message":"Request: GET /api/v1/institutions"}
{"level":"info","message":"Request: GET /api/v1/institutions"}
{"level":"info","message":"Request: GET /api/v1/institutions"}
{"level":"info","message":"Request: GET /api/v1/institutions"}
{"level":"info","message":"Request: GET /api/v1/institutions"}
{"level":"info","message":"Request: GET /api/v1/institutions"}
{"level":"info","message":"Request: GET /api/v1/institutions"}
{"level":"info","message":"Request: GET /api/v1/institutions"}
{"level":"info","message":"Request: GET /api/v1/institutions"}
{"level":"info","message":"Request: GET /api/v1/institutions"}
{"level":"info","message":"Request: GET /api/v1/institutions"}
{"level":"info","message":"Request: GET /api/v1/institutions"}
{"level":"info","message":"Request: GET /api/v1/institutions"}
{"level":"info","message":"Request: GET /api/v1/institutions"}
{"level":"info","message":"Request: GET /api/v1/institutions"}
{"level":"info","message":"Request: GET /api/v1/institutions"}
{"level":"info","message":"Request: GET /api/v1/institutions"}
{"level":"info","message":"Request: GET /api/v1/institutions/GCTU/programmes"}
{"level":"info","message":"Request: GET /api/v1/institutions"}
{"level":"info","message":"Request: GET /api/v1/institutions"}
{"level":"info","message":"Request: GET /api/v1/institutions"}
{"level":"info","message":"Request: GET /api/v1/institutions"}
{"level":"info","message":"Request: GET /api/v1/institutions"}
{"level":"info","message":"Request: POST /api/v1/auth/register"}
{"level":"info","message":"Request: POST /api/v1/auth/register"}
{"level":"info","message":"Request: GET /api/v1/auth/register"}
{"level":"info","message":"Request: GET /api/v1/auth/register"}
{"level":"info","message":"Request: POST /api/v1/auth/register"}
{"level":"info","message":"Request: GET /api/v1/institutions"}
{"level":"info","message":"Request: POST /api/v1/auth/register"}
{"level":"info","message":"Request: POST /api/v1/auth/register"}
{"level":"info","message":"Request: GET /api/v1/institutions"}
{"level":"info","message":"Request: GET /api/v1/institutions"}
{"level":"info","message":"Request: GET /api/v1/institutions"}
{"level":"info","message":"Request: GET /api/v1/institutions"}
{"level":"info","message":"Request: GET /api/v1/institutions"}
{"level":"info","message":"Request: GET /api/v1/institutions"}
{"level":"info","message":"Request: GET /api/v1/institutions"}
{"level":"info","message":"Request: GET /api/v1/institutions"}
{"level":"info","message":"Request: GET /api/v1/institutions"}
{"level":"info","message":"Request: GET /api/v1/institutions"}
{"level":"info","message":"Request: GET /api/v1/institutions"}
{"level":"info","message":"Request: GET /api/v1/institutions"}
{"level":"info","message":"Request: GET /api/v1/institutions"}
{"level":"info","message":"Request: GET /api/v1/institutions"}
{"level":"info","message":"Request: GET /api/v1/institutions"}
{"level":"info","message":"Request: GET /api/v1/institutions"}
{"level":"info","message":"Request: GET /api/v1/institutions"}
{"level":"info","message":"Request: GET /api/v1/institutions"}
{"level":"info","message":"Request: GET /api/v1/institutions"}
{"level":"info","message":"Request: GET /api/v1/institutions"}
{"level":"info","message":"Request: GET /api/v1/institutions"}
{"level":"info","message":"Request: GET /api/v1/institutions"}
{"level":"info","message":"Request: GET /api/v1/institutions"}
{"level":"info","message":"Request: GET /api/v1/institutions"}
{"level":"info","message":"Request: GET /api/v1/institutions"}
{"level":"info","message":"Request: GET /api/v1/institutions"}
{"level":"info","message":"Request: GET /api/v1/institutions"}
{"level":"info","message":"Request: GET /api/v1/institutions"}
{"level":"info","message":"Request: GET /api/v1/institutions"}
{"level":"info","message":"Request: GET /api/v1/institutions"}
{"level":"info","message":"Request: GET /api/v1/institutions"}
{"level":"info","message":"Request: GET /api/v1/institutions"}
{"level":"info","message":"Request: GET /api/v1/institutions"}
{"level":"info","message":"Request: GET /api/v1/institutions"}
{"level":"info","message":"Request: GET /api/v1/institutions"}
{"level":"info","message":"Request: GET /api/v1/institutions"}
{"level":"info","message":"Request: GET /api/v1/institutions"}
{"level":"info","message":"Request: GET /api/v1/institutions"}
{"level":"info","message":"Request: GET /api/v1/institutions"}
{"level":"info","message":"Request: GET /api/v1/institutions"}
{"level":"info","message":"Request: GET /api/v1/institutions"}
{"level":"info","message":"Request: GET /api/v1/institutions"}
{"level":"info","message":"Request: GET /api/v1/institutions"}
